[17-Dec-2025 09:29:39 Europe/Berlin] PHP Fatal error:  Uncaught mysqli_sql_exception: Unknown column 'id' in 'where clause' in C:\Users\chanu\Documents\UoM\Term 1 project\Project\HealthBridge\Server\login.php:58
Stack trace:
#0 C:\Users\chanu\Documents\UoM\Term 1 project\Project\HealthBridge\Server\login.php(58): mysqli_stmt->execute()
#1 {main}
  thrown in C:\Users\chanu\Documents\UoM\Term 1 project\Project\HealthBridge\Server\login.php on line 58
[17-Dec-2025 09:29:40 Europe/Berlin] PHP Fatal error:  Uncaught mysqli_sql_exception: Unknown column 'id' in 'where clause' in C:\Users\chanu\Documents\UoM\Term 1 project\Project\HealthBridge\Server\login.php:58
Stack trace:
#0 C:\Users\chanu\Documents\UoM\Term 1 project\Project\HealthBridge\Server\login.php(58): mysqli_stmt->execute()
#1 {main}
  thrown in C:\Users\chanu\Documents\UoM\Term 1 project\Project\HealthBridge\Server\login.php on line 58
[17-Dec-2025 09:30:24 Europe/Berlin] PHP Fatal error:  Uncaught mysqli_sql_exception: Unknown column 'id' in 'where clause' in C:\Users\chanu\Documents\UoM\Term 1 project\Project\HealthBridge\Server\login.php:58
Stack trace:
#0 C:\Users\chanu\Documents\UoM\Term 1 project\Project\HealthBridge\Server\login.php(58): mysqli_stmt->execute()
#1 {main}
  thrown in C:\Users\chanu\Documents\UoM\Term 1 project\Project\HealthBridge\Server\login.php on line 58
[17-Dec-2025 09:30:45 Europe/Berlin] PHP Fatal error:  Uncaught mysqli_sql_exception: Unknown column 'id' in 'where clause' in C:\Users\chanu\Documents\UoM\Term 1 project\Project\HealthBridge\Server\login.php:58
Stack trace:
#0 C:\Users\chanu\Documents\UoM\Term 1 project\Project\HealthBridge\Server\login.php(58): mysqli_stmt->execute()
#1 {main}
  thrown in C:\Users\chanu\Documents\UoM\Term 1 project\Project\HealthBridge\Server\login.php on line 58
[17-Dec-2025 09:30:47 Europe/Berlin] PHP Fatal error:  Uncaught mysqli_sql_exception: Unknown column 'id' in 'where clause' in C:\Users\chanu\Documents\UoM\Term 1 project\Project\HealthBridge\Server\login.php:58
Stack trace:
#0 C:\Users\chanu\Documents\UoM\Term 1 project\Project\HealthBridge\Server\login.php(58): mysqli_stmt->execute()
#1 {main}
  thrown in C:\Users\chanu\Documents\UoM\Term 1 project\Project\HealthBridge\Server\login.php on line 58
[17-Dec-2025 09:30:48 Europe/Berlin] PHP Fatal error:  Uncaught mysqli_sql_exception: Unknown column 'id' in 'where clause' in C:\Users\chanu\Documents\UoM\Term 1 project\Project\HealthBridge\Server\login.php:58
Stack trace:
#0 C:\Users\chanu\Documents\UoM\Term 1 project\Project\HealthBridge\Server\login.php(58): mysqli_stmt->execute()
#1 {main}
  thrown in C:\Users\chanu\Documents\UoM\Term 1 project\Project\HealthBridge\Server\login.php on line 58
